;; phase: cg-normalize

(summary fa_rc=0 clone_rc=0 funs=1 globals=6 types=0)

;; globals
(slot %s0 :kind global :type ? :name __primitive)
(slot %s1 :kind global :type ? :name reply)
(slot %s76 :kind const :type ? :name k1)
(slot %s77 :kind const :type ? :name k2)
(slot %s82 :kind global :type ? :name add)
(slot %s86 :kind global :type ? :name __main__)

;; funs
(fun #1 :main
  :return-type ?
  :arg-types (?)
  :locals 3 :blocks 1
  (block #0 :label entry :preds 0 :succs 0
    :body (
      (CALL :slot %s83 %s82 %s76 %s77)
      (CALL %s0 %s1 %s87 %s69)
    )
    :term (UNREACHABLE))
)
