;; phase: fa-init

(summary
  rc:              0
  entry-sets:      5
  creation-sets:   11
  global-avars:    0
  funs:            3
  basic-types:     0
)

(entry-sets
  @__main__ args=1 rets=1 edges=4 creates=0
  %add args=3 rets=1 edges=4 creates=0
  %add args=3 rets=1 edges=4 creates=0
  %fwd args=3 rets=1 edges=4 creates=0
  %fwd args=3 rets=1 edges=4 creates=0
)

(closures-registered
  @__main__ args=1 fun=set
  %add args=3 fun=set
  %fwd args=3 fun=set
  %top args=0 (spliced into @__main__)
)

