;; phase: fa-init

(summary
  rc:              -1
  entry-sets:      2
  creation-sets:   17
  global-avars:    0
  funs:            2
  basic-types:     0
)

(entry-sets
  @__main__ args=1 rets=1 edges=4 creates=1
  %read_both args=2 rets=1 edges=4 creates=0
)

(closures-registered
  @__main__ args=1 fun=set
  %read_both args=2 fun=set
  %top args=0 (spliced into @__main__)
)

