;; phase: clone

(summary fa_rc=-1 clone_rc=0 funs=2 css=9 ess=2)

(cs-equiv
  class[__main__] members=1 type=__main__
  class[__primitive] members=1 type=symbol
  class[__test_keepalive] members=1 type=symbol
  class[add] members=1 type=add
  class[continuation] members=1 type=continuation
  class[k1] members=1 type=int32
  class[k2] members=1 type=int32
  class[nil_type] members=1 type=nil_type
  class[reply] members=1 type=symbol
)

(es-equiv
  fun __main__ ess=1 equiv-classes=1
  fun add ess=1 equiv-classes=1
)

(call-graph
  fun __main__
    pnode-send → add
)

(new-funs
  (none)
)
