;; phase: dispatch

(summary rc=-1 ess=5 edges=20)

(es @__main__#0
  send consume ? => ?
    → %consume#0
      args→ [1]:{consume} [2]:{V}
  send consume ? => ?
    → %consume#1
      args→ [1]:{consume} [2]:{V}
)

(es %consume#0
  send next it => e
    → %next#0
      args→ [1]:{next} [2]:{It}
)

(es %consume#1
  send next it => e
    → %next#1
      args→ [1]:{next} [2]:{It}
)

(es %next#0
  (no out edges)
)

(es %next#1
  (no out edges)
)

