;; phase: codegen-llvm

(summary fa_rc=-1 clone_rc=0 funs=1 bytes=4762)

;; llvm-ir (host-specific module lines + !dbg metadata stripped):

@__primitive = internal global ptr null
@reply = internal global ptr null
@new = internal global ptr null
@set_index_object = internal global ptr null
@__operator = internal global ptr null
@".=" = internal global ptr null
@nil = global ptr null
@V = global ptr null, align 8
@It = global ptr null, align 8
@vec = global ptr null
@pos = global ptr null

define internal ptr @_CG_f_119_0() {
entry:
  %local_var = alloca ptr, align 8
  %local_var1 = alloca i32, align 4
  %local_var2 = alloca ptr, align 8
  %local_var3 = alloca double, align 8
  %local_var4 = alloca ptr, align 8
  %local_var5 = alloca i64, align 8
  %local_var6 = alloca i64, align 8





  %0 = load ptr, ptr @nil, align 8
  ret ptr %0
}

define i32 @main() {
entry:
  %0 = call ptr @_CG_f_119_0()
  ret i32 0
}


