;; phase: cfg

;; Fun %copy
(fun %copy
  entry:  %p0
  exit:   %p5
  pnodes: 6
)
(pnodes %copy
  %p0  SEND  prim_new @primitive @new %It -> %it  succ:[%p1]
  %p1  SEND  prim_setter @operator %it @setter #vec %src -> %t5  succ:[%p2]  pred:[%p0]
  %p2  SEND  prim_setter @operator %it @setter #pos %c0 -> %t6  succ:[%p3]  pred:[%p1]
  %p3  SEND  - #next %it -> %e  succ:[%p4]  pred:[%p2]
  %p4  SEND  prim_set_index_object @primitive @set_index_object %dst %c1 %e -> %t7  succ:[%p5]  pred:[%p3]
  %p5  SEND  prim_reply @primitive @reply %t3 %t4  pred:[%p4]
)

;; Fun %next
(fun %next
  entry:  %p0
  exit:   %p4
  pnodes: 5
)
(pnodes %next
  %p0  SEND  prim_period @operator %self @period #vec -> %vec_v  succ:[%p1]
  %p1  SEND  prim_period @operator %self @period #pos -> %pos_v  succ:[%p2]  pred:[%p0]
  %p2  SEND  prim_index_object @primitive @index_object %vec_v %pos_v -> %elt  succ:[%p3]  pred:[%p1]
  %p3  MOVE  %elt -> %t2  succ:[%p4]  pred:[%p2]
  %p4  SEND  prim_reply @primitive @reply %t1 %t2  pred:[%p3]
)

;; Fun %top
(fun %top
  entry:  %p0
  exit:   %p7
  pnodes: 8
)
(pnodes %top
  %p0  SEND  prim_new @primitive @new %V -> %t10  succ:[%p1]
  %p1  SEND  prim_set_index_object @primitive @set_index_object %t10 %c2 %c3 -> %t11  succ:[%p2]  pred:[%p0]
  %p2  SEND  prim_new @primitive @new %V -> %t12  succ:[%p3]  pred:[%p1]
  %p3  SEND  prim_set_index_object @primitive @set_index_object %t12 %c4 %c5 -> %t13  succ:[%p4]  pred:[%p2]
  %p4  SEND  prim_new @primitive @new %V -> %t14  succ:[%p5]  pred:[%p3]
  %p5  SEND  - %copy %t10 %t14 -> %t15  succ:[%p6]  pred:[%p4]
  %p6  SEND  - %copy %t12 %t14 -> %t16  succ:[%p7]  pred:[%p5]
  %p7  SEND  prim_reply @primitive @reply %t8 %t9  pred:[%p6]
)

