;; phase: dispatch

(summary rc=-1 ess=5 edges=20)

(es @__main__#0
  send copy ? ? => ?
    → %copy#0
      args→ [1]:{copy} [2]:{V} [3]:{V}
  send copy ? ? => ?
    → %copy#1
      args→ [1]:{copy} [2]:{V} [3]:{V}
)

(es %copy#0
  send next it => e
    → %next#0
      args→ [1]:{next} [2]:{It}
)

(es %copy#1
  send next it => e
    → %next#1
      args→ [1]:{next} [2]:{It}
)

(es %next#0
  (no out edges)
)

(es %next#1
  (no out edges)
)

