;; phase: cfg

;; Fun %consume
(fun %consume
  entry:  %p0
  exit:   %p6
  pnodes: 7
)
(pnodes %consume
  %p0  SEND  prim_new @primitive @new %It -> %it  succ:[%p1]
  %p1  SEND  prim_setter @operator %it @setter #vec %v -> %t5  succ:[%p2]  pred:[%p0]
  %p2  SEND  prim_setter @operator %it @setter #pos %c0 -> %t6  succ:[%p3]  pred:[%p1]
  %p3  SEND  - #next %it -> %e  succ:[%p4]  pred:[%p2]
  %p4  SEND  prim_period @operator %e @period #fa -> %v_1  succ:[%p5]  pred:[%p3]
  %p5  MOVE  %v_1 -> %t4  succ:[%p6]  pred:[%p4]
  %p6  SEND  prim_reply @primitive @reply %t3 %t4  pred:[%p5]
)

;; Fun %next
(fun %next
  entry:  %p0
  exit:   %p4
  pnodes: 5
)
(pnodes %next
  %p0  SEND  prim_period @operator %self @period #vec -> %vec_v  succ:[%p1]
  %p1  SEND  prim_period @operator %self @period #pos -> %pos_v  succ:[%p2]  pred:[%p0]
  %p2  SEND  prim_index_object @primitive @index_object %vec_v %pos_v -> %elt  succ:[%p3]  pred:[%p1]
  %p3  MOVE  %elt -> %t2  succ:[%p4]  pred:[%p2]
  %p4  SEND  prim_reply @primitive @reply %t1 %t2  pred:[%p3]
)

;; Fun %top
(fun %top
  entry:  %p0
  exit:   %p10
  pnodes: 11
)
(pnodes %top
  %p0  SEND  prim_new @primitive @new %V -> %t9  succ:[%p1]
  %p1  SEND  prim_new @primitive @new %A -> %t10  succ:[%p2]  pred:[%p0]
  %p2  SEND  prim_setter @operator %t10 @setter #fa %c1 -> %t11  succ:[%p3]  pred:[%p1]
  %p3  SEND  prim_set_index_object @primitive @set_index_object %t9 %c2 %t10 -> %t12  succ:[%p4]  pred:[%p2]
  %p4  SEND  prim_new @primitive @new %V -> %t13  succ:[%p5]  pred:[%p3]
  %p5  SEND  prim_new @primitive @new %B -> %t14  succ:[%p6]  pred:[%p4]
  %p6  SEND  prim_setter @operator %t14 @setter #fb %c3 -> %t15  succ:[%p7]  pred:[%p5]
  %p7  SEND  prim_set_index_object @primitive @set_index_object %t13 %c4 %t14 -> %t16  succ:[%p8]  pred:[%p6]
  %p8  SEND  - %consume %t9 -> %t17  succ:[%p9]  pred:[%p7]
  %p9  SEND  - %consume %t13 -> %t18  succ:[%p10]  pred:[%p8]
  %p10  SEND  prim_reply @primitive @reply %t7 %t8  pred:[%p9]
)

