;; phase: fa-init

(summary
  rc:              -1
  entry-sets:      4
  creation-sets:   19
  global-avars:    0
  funs:            3
  basic-types:     0
)

(entry-sets
  @__main__ args=1 rets=1 edges=4 creates=1
  %relay args=2 rets=1 edges=4 creates=0
  %sink args=2 rets=1 edges=4 creates=0
  %sink args=2 rets=1 edges=4 creates=0
)

(closures-registered
  @__main__ args=1 fun=set
  %relay args=2 fun=set
  %sink args=2 fun=set
  %top args=1 (spliced into @__main__)
)

