;; phase: finalize

(prim-bound
  in %top:
    send[1] = prim_add
    send[2] = prim_add
    send[3] = prim_reply
)

(live
  syms:     31 live, 1 dead
  closures: 1 live (of 1 total)
)

;; full state:
;; syms
(sym %t0)
(sym %t1)
(sym %c0 :immediate (float32 1.5))
(sym %c1 :immediate (int64 2))
(sym %t2 :is-local :nesting-depth 1)
(sym %c2 :immediate (float32 1.5))
(sym %c3 :immediate (int32 2))
(sym %t3 :is-local :nesting-depth 1)

;; funs
(fun %top
  :args (#top)
  :rets (%t1)
  :cont %t0
  :body
  (send @operator %c0 #+ %c1 => %t2)
  (send @operator %c2 #+ %c3 => %t3)
  (move %t2 %t1)
  (send @primitive @reply %t0 %t1)
)

