;; phase: fa-converge

(pass-counts
  rc:                -1
  total-passes:      3
  events:            3
  splits[type]: 2
  splits[violation]: 1
)

(history
  pass 1 type splits=1 ess=6→6 css=29→29 violations=9→9
  pass 2 type splits=1 ess=9→9 css=29→29 violations=9→9
  pass 3 violation splits=1 ess=10→10 css=29→29 violations=9→9
)
