;; phase: freq

(summary fa_rc=-1 clone_rc=0 funs=7)

(freq-funs
  __getitem__ 1
  __getitem__ 1
  __main__ 1
  __setitem__ 2
  __setitem__ 2
  consume_outer 1
  consume_outer 1
)

(freq-pnode-peaks
  __getitem__ peak=1
  __getitem__ peak=1
  __main__ peak=1
  __setitem__ peak=1
  __setitem__ peak=1
  consume_outer peak=1
  consume_outer peak=1
)
