;; phase: clone

(summary fa_rc=-1 clone_rc=0 funs=9 css=29 ess=11)

(cs-equiv
  class[(anon)] members=1 type=int32
  class[(anon)] members=1 type=int32
  class[(anon)] members=1 type=float64
  class[(anon)] members=1 type=int32
  class[V_inner] members=1 type=V_inner
  class[V_inner] members=1 type=V_inner
  class[V_inner] members=1 type=V_inner
  class[V_outer] members=1 type=V_outer
  class[V_outer] members=2 type=V_outer
  class[__getitem__] members=1 type=symbol
  class[__main__] members=1 type=__main__
  class[__primitive] members=1 type=symbol
  class[__setitem__] members=1 type=symbol
  class[consume_outer] members=1 type=consume_outer
  class[consume_outer] members=1 type=symbol
  class[continuation] members=7 type=continuation
  class[float64] members=1 type=float64
  class[index_object] members=1 type=symbol
  class[int32] members=1 type=int32
  class[new] members=1 type=symbol
  class[nil_type] members=1 type=nil_type
  class[reply] members=1 type=symbol
  class[set_index_object] members=1 type=symbol
)

(es-equiv
  fun __getitem__ ess=1 equiv-classes=1
  fun __getitem__ ess=2 equiv-classes=1
  fun __getitem__ ess=1 equiv-classes=1
  fun __main__ ess=1 equiv-classes=1
  fun __setitem__ ess=1 equiv-classes=1
  fun __setitem__ ess=2 equiv-classes=1
  fun __setitem__ ess=1 equiv-classes=1
  fun consume_outer ess=1 equiv-classes=1
  fun consume_outer ess=1 equiv-classes=1
)

(call-graph
  fun __main__
    pnode-send → __setitem__
    pnode-send → __setitem__
    pnode-send → __setitem__
    pnode-send → __setitem__
    pnode-send → consume_outer
    pnode-send → consume_outer
  fun consume_outer
    pnode-send → __getitem__
    pnode-send → __getitem__ __getitem__
  fun consume_outer
    pnode-send → __getitem__ __getitem__
    pnode-send → __getitem__
)

(new-funs
  (none)
)
