;; phase: fa-init

(summary
  rc:              -1
  entry-sets:      11
  creation-sets:   29
  global-avars:    0
  funs:            6
  basic-types:     0
)

(entry-sets
  %__getitem___1 args=3 rets=1 edges=4 creates=0
  %__getitem___1 args=3 rets=1 edges=4 creates=0
  %__getitem__ args=3 rets=1 edges=4 creates=0
  %__getitem__ args=3 rets=1 edges=4 creates=0
  @__main__ args=1 rets=1 edges=4 creates=4
  %__setitem__ args=4 rets=1 edges=4 creates=0
  %__setitem___1 args=4 rets=1 edges=4 creates=0
  %__setitem__ args=4 rets=1 edges=4 creates=0
  %__setitem___1 args=4 rets=1 edges=4 creates=0
  %consume_outer args=2 rets=1 edges=4 creates=0
  %consume_outer args=2 rets=1 edges=4 creates=0
)

(closures-registered
  %__getitem__ args=3 fun=set
  %__getitem___1 args=3 fun=set
  @__main__ args=1 fun=set
  %__setitem__ args=4 fun=set
  %__setitem___1 args=4 fun=set
  %consume_outer args=2 fun=set
  %top args=1 (spliced into @__main__)
)

