;; phase: clone

(summary fa_rc=-1 clone_rc=0 funs=4 css=23 ess=7)

(cs-equiv
  class[(anon)] members=1 type=int32
  class[(anon)] members=1 type=int32
  class[(anon)] members=1 type=int32
  class[(anon)] members=1 type=int32
  class[(anon)] members=1 type=float64
  class[(anon)] members=1 type=float64
  class[(anon)] members=1 type=float64
  class[(anon)] members=1 type=float64
  class[(anon)] members=1 type=int64
  class[(anon)] members=1 type=int64
  class[(anon)] members=1 type=int64
  class[(anon)] members=1 type=int64
  class[__main__] members=1 type=__main__
  class[__primitive] members=1 type=symbol
  class[continuation] members=2 type=continuation
  class[f] members=1 type=f
  class[f] members=1 type=symbol
  class[float64] members=1 type=float64
  class[int32] members=1 type=int32
  class[int64] members=1 type=int64
  class[nil_type] members=1 type=nil_type
  class[reply] members=1 type=symbol
)

(es-equiv
  fun __main__ ess=1 equiv-classes=1
  fun f ess=2 equiv-classes=1
  fun f ess=2 equiv-classes=1
  fun f ess=2 equiv-classes=1
)

(call-graph
  fun __main__
    pnode-send → f
    pnode-send → f
    pnode-send → f
    pnode-send → f
    pnode-send → f
    pnode-send → f
)

(new-funs
  (none)
)
