;; phase: dispatch

(summary rc=-1 ess=7 edges=36)

(es @__main__#0
  send f (imm) (imm) => ?
    → %f#0
      args→ [1]:{f} [2]:{int32} [3]:{int32}
  send f (imm) (imm) => ?
    → %f#1
      args→ [1]:{f} [2]:{int32} [3]:{int32}
  send f (imm) (imm) => ?
    → %f#2
      args→ [1]:{f} [2]:{float64} [3]:{float64}
  send f (imm) (imm) => ?
    → %f#3
      args→ [1]:{f} [2]:{float64} [3]:{float64}
  send f (imm) (imm) => ?
    → %f#4
      args→ [1]:{f} [2]:{int64} [3]:{int64}
  send f (imm) (imm) => ?
    → %f#5
      args→ [1]:{f} [2]:{int64} [3]:{int64}
)

(es %f#0
  (no out edges)
)

(es %f#1
  (no out edges)
)

(es %f#2
  (no out edges)
)

(es %f#3
  (no out edges)
)

(es %f#4
  (no out edges)
)

(es %f#5
  (no out edges)
)

