;; phase: cfg

;; Fun %f
(fun %f
  entry:  %p0
  exit:   %p1
  pnodes: 2
)
(pnodes %f
  %p0  MOVE  %a -> %t1  succ:[%p1]
  %p1  SEND  prim_reply @primitive @reply %t0 %t1  pred:[%p0]
)

;; Fun %top
(fun %top
  entry:  %p0
  exit:   %p6
  pnodes: 7
)
(pnodes %top
  %p0  SEND  - %f %c0 %c1 -> %t4  succ:[%p1]
  %p1  SEND  - %f %c2 %c3 -> %t5  succ:[%p2]  pred:[%p0]
  %p2  SEND  - %f %c4 %c5 -> %t6  succ:[%p3]  pred:[%p1]
  %p3  SEND  - %f %c6 %c7 -> %t7  succ:[%p4]  pred:[%p2]
  %p4  SEND  - %f %c8 %c9 -> %t8  succ:[%p5]  pred:[%p3]
  %p5  SEND  - %f %c10 %c11 -> %t9  succ:[%p6]  pred:[%p4]
  %p6  SEND  prim_reply @primitive @reply %t2 %t3  pred:[%p5]
)

