;; phase: clone

(summary fa_rc=-1 clone_rc=0 funs=3 css=20 ess=3)

(cs-equiv
  class[(anon)] members=1 type=int32
  class[(anon)] members=1 type=float64
  class[.] members=1 type=symbol
  class[.=] members=1 type=symbol
  class[T] members=1 type=T
  class[T] members=1 type=T
  class[T] members=1 type=T
  class[__main__] members=1 type=__main__
  class[__operator] members=1 type=symbol
  class[__primitive] members=1 type=symbol
  class[continuation] members=2 type=continuation
  class[data] members=1 type=symbol
  class[float64] members=1 type=float64
  class[int32] members=1 type=int32
  class[new] members=1 type=symbol
  class[nil_type] members=1 type=nil_type
  class[peek] members=1 type=peek
  class[peek] members=1 type=symbol
  class[reply] members=1 type=symbol
)

(es-equiv
  fun __main__ ess=1 equiv-classes=1
  fun peek ess=1 equiv-classes=1
  fun peek ess=1 equiv-classes=1
)

(call-graph
  fun __main__
    pnode-send → peek
    pnode-send → peek
)

(new-funs
  (none)
)
