;; phase: cg-normalize

(summary fa_rc=-1 clone_rc=0 funs=1 globals=10 types=0)

;; globals
(slot %s0 :kind global :type ? :name __primitive)
(slot %s1 :kind global :type ? :name reply)
(slot %s5 :kind global :type ? :name new)
(slot %s10 :kind global :type ? :name __operator)
(slot %s14 :kind global :type ? :name .=)
(slot %s79 :kind global :type ? :name peek)
(slot %s82 :kind global :type ? :name data)
(slot %s89 :kind const :type ?)
(slot %s92 :kind const :type ?)
(slot %s97 :kind global :type ? :name __main__)

;; funs
(fun #1 :main
  :return-type ?
  :arg-types (?)
  :locals 4 :blocks 1
  (block #0 :label entry :preds 0 :succs 0
    :body (
      (ALLOC :slot %s88)
      (STORE_FIELD %s88 %s89)
      (ALLOC :slot %s91)
      (STORE_FIELD %s91 %s92)
      (CALL :slot %s94 %s79 %s88)
      (CALL :slot %s95 %s79 %s91)
    )
    :term (RET))
)
