;; phase: fa-init

(summary
  rc:              -1
  entry-sets:      3
  creation-sets:   20
  global-avars:    0
  funs:            2
  basic-types:     0
)

(entry-sets
  @__main__ args=1 rets=1 edges=4 creates=2
  %peek args=2 rets=1 edges=4 creates=0
  %peek args=2 rets=1 edges=4 creates=0
)

(closures-registered
  @__main__ args=1 fun=set
  %peek args=2 fun=set
  %top args=1 (spliced into @__main__)
)

