;; phase: cg-normalize

(summary fa_rc=-1 clone_rc=0 funs=1 globals=10 types=0)

;; globals
(slot %s0 :kind global :type ? :name __primitive)
(slot %s1 :kind global :type ? :name reply)
(slot %s5 :kind global :type ? :name new)
(slot %s10 :kind global :type ? :name __operator)
(slot %s14 :kind global :type ? :name .=)
(slot %s79 :kind global :type ? :name peek)
(slot %s82 :kind global :type ? :name data)
(slot %s89 :kind const :type ?)
(slot %s92 :kind const :type ?)
(slot %s97 :kind global :type ? :name __main__)

;; funs
(fun #1 :main
  :return-type ?
  :arg-types (?)
  :locals 11 :blocks 1
  (block #0 :label entry :preds 0 :succs 0
    :body (
      (CALL :slot %s88 %s0 %s5 %s76)
      (CALL :slot %s90 %s10 %s88 %s14 %s82 %s89)
      (CALL :slot %s91 %s0 %s5 %s76)
      (CALL :slot %s93 %s10 %s91 %s14 %s82 %s92)
      (CALL :slot %s94 %s79 %s88)
      (CALL :slot %s95 %s79 %s91)
      (CALL %s0 %s1 %s86 %s87)
      (CALL %s0 %s1 %s98 %s69)
    )
    :term (UNREACHABLE))
)
