;; phase: codegen-c

(summary fa_rc=-1 clone_rc=0 funs=1 bytes=350)

;; c-output (#include line stripped):

/*
 Function Prototypes
*/

typedef _CG_function _CG_pf0;
_CG_nil_type _CG_f_98_0/*__main__*/();


/*
 Global Variables
*/


/*
 Functions
*/

_CG_nil_type _CG_f_98_0/*__main__*/() {
  return 0;
  return 0;
}

int main(int argc, char *argv[]) { (void)argc; (void) argv;
  MEM_INIT();
  _CG_f_98_0/*__main__*/();
  return 0;
}
