;; phase: cg-normalize

(summary fa_rc=-1 clone_rc=0 funs=1 globals=10 types=0)

;; globals
(slot %s0 :kind global :type ? :name __primitive)
(slot %s1 :kind global :type ? :name reply)
(slot %s5 :kind global :type ? :name new)
(slot %s10 :kind global :type ? :name __operator)
(slot %s14 :kind global :type ? :name .=)
(slot %s82 :kind global :type ? :name chain)
(slot %s85 :kind global :type ? :name a)
(slot %s93 :kind const :type ?)
(slot %s98 :kind const :type ?)
(slot %s104 :kind global :type ? :name __main__)

;; funs
(fun #1 :main
  :return-type ?
  :arg-types (?)
  :locals 6 :blocks 1
  (block #0 :label entry :preds 0 :succs 0
    :body (
      (ALLOC :slot %s94)
      (ALLOC :slot %s95)
      (STORE_FIELD %s94 %s93)
      (CALL :slot %s97 %s82 %s94 %s95)
      (ALLOC :slot %s99)
      (ALLOC :slot %s100)
      (STORE_FIELD %s99 %s98)
      (CALL :slot %s102 %s82 %s99 %s100)
    )
    :term (UNREACHABLE))
)
