;; phase: dom

;; Fun %consume
(idom
  %p0 -> -
  %p1 -> %p0
  %p2 -> %p1
  %p3 -> %p2
  %p4 -> %p3
  %p5 -> %p4
)

(idom-rev
  %p0 -> %p1
  %p1 -> %p2
  %p2 -> %p3
  %p3 -> %p4
  %p4 -> %p5
  %p5 -> -
)

(frontier
  (empty)
)

;; Fun %next
(idom
  %p0 -> -
  %p1 -> %p0
  %p2 -> %p1
  %p3 -> %p2
  %p4 -> %p3
)

(idom-rev
  %p0 -> %p1
  %p1 -> %p2
  %p2 -> %p3
  %p3 -> %p4
  %p4 -> -
)

(frontier
  (empty)
)

;; Fun %next_impl
(idom
  %p0 -> -
)

(idom-rev
  %p0 -> -
)

(frontier
  (empty)
)

;; Fun %top
(idom
  %p0 -> -
  %p1 -> %p0
  %p2 -> %p1
  %p3 -> %p2
  %p4 -> %p3
  %p5 -> %p4
  %p6 -> %p5
)

(idom-rev
  %p0 -> %p1
  %p1 -> %p2
  %p2 -> %p3
  %p3 -> %p4
  %p4 -> %p5
  %p5 -> %p6
  %p6 -> -
)

(frontier
  (empty)
)

