;; phase: finalize

(prim-bound
  in %__getitem__:
    send[1] = prim_index_object
    send[2] = prim_reply
  in %__setitem__:
    send[1] = prim_set_index_object
    send[2] = prim_reply
  in %top:
    send[1] = prim_new
    send[2] = (none)
    send[3] = (none)
    send[4] = (none)
    send[5] = prim_reply
)

(live
  syms:     51 live, 0 dead
  closures: 3 live (of 3 total)
)

;; full state:
;; types
(type %V :kind RECORD :element %t0)

;; syms
(sym %t0)
(sym %t1)
(sym %t2)
(sym %self :is-local :nesting-depth 1)
(sym %i :is-local :nesting-depth 1)
(sym %e :is-local :nesting-depth 1)
(sym %t3)
(sym %t4)
(sym %self_1 :is-local :nesting-depth 1)
(sym %i_1 :is-local :nesting-depth 1)
(sym %val :is-local :nesting-depth 1)
(sym %t5 :is-local :nesting-depth 1)
(sym %t6)
(sym %t7)
(sym %t8 :is-local :nesting-depth 1)
(sym %c0 :immediate (int32 0))
(sym %c1 :immediate (int32 10))
(sym %t9 :is-local :nesting-depth 1)
(sym %c2 :immediate (int32 1))
(sym %c3 :immediate (float64 2.5))
(sym %t10 :is-local :nesting-depth 1)
(sym %c4 :immediate (int32 0))
(sym %r :is-local :nesting-depth 1)

;; funs
(fun %__getitem__
  :args (#__getitem__ %self %i)
  :rets (%t2)
  :cont %t1
  :body
  (send @primitive @index_object %self %i => %e)
  (move %e %t2)
  (send @primitive @reply %t1 %t2)
)
(fun %__setitem__
  :args (#__setitem__ %self_1 %i_1 %val)
  :rets (%t4)
  :cont %t3
  :body
  (send @primitive @set_index_object %self_1 %i_1 %val => %t5)
  (send @primitive @reply %t3 %t4)
)
(fun %top
  :args (#top)
  :rets (%t7)
  :cont %t6
  :body
  (send @primitive @new %V => %t8)
  (send #__setitem__ %t8 %c0 %c1 => %t9)
  (send #__setitem__ %t8 %c2 %c3 => %t10)
  (send #__getitem__ %t8 %c4 => %r)
  (move %r %t7)
  (send @primitive @reply %t6 %t7)
)

