;; phase: codegen-llvm

(summary fa_rc=0 clone_rc=0 funs=1 bytes=4278)

;; llvm-ir (host-specific module lines + !dbg metadata stripped):

%Point = type { i32 }

@__primitive = internal global ptr null
@reply = internal global ptr null
@new = internal global ptr null
@clone = internal global ptr null
@__operator = internal global ptr null
@".=" = internal global ptr null
@nil = global ptr null
@Point = global ptr null, align 8
@k = global i32 7, align 4
@px = global ptr null

define internal ptr @_CG_f_86_0() {
entry:
  %c = alloca %Point, align 8
  %r = alloca %Point, align 8
  %p = alloca %Point, align 8
  %s = alloca i32, align 4
  %nil.load = load ptr, ptr @nil, align 8




  ret ptr %nil.load
}

define i32 @main() {
entry:
  %0 = call ptr @_CG_f_86_0()
  ret i32 0
}


