;; phase: codegen-llvm

(summary fa_rc=0 clone_rc=0 funs=1 bytes=2812)

;; llvm-ir (host-specific module lines + !dbg metadata stripped):

@__primitive = internal global ptr null
@reply = internal global ptr null
@new = internal global ptr null
@nil = global ptr null
@Point = global ptr null, align 8

define internal ptr @_CG_f_82_0() {
entry:
  %p = alloca ptr, align 8
  %r = alloca ptr, align 8
  %0 = call ptr @GC_malloc(i64 1)
  store ptr %0, ptr %p, align 8
  %nil.load = load ptr, ptr @nil, align 8


  ret ptr %nil.load
}

declare ptr @GC_malloc(i64)

define i32 @main() {
entry:
  %0 = call ptr @_CG_f_82_0()
  ret i32 0
}


